Component: ARM Compiler 6.7 Tool: armlink [5c9ef700]

==============================================================================

Section Cross References

    startup_hc32f005.o(RESET) refers to startup_hc32f005.o(STACK) for __initial_sp
    startup_hc32f005.o(RESET) refers to startup_hc32f005.o(.text) for Reset_Handler
    startup_hc32f005.o(RESET) refers to modem.o(.text.UART1_IRQHandler) for UART1_IRQHandler
    startup_hc32f005.o(RESET) refers to modem.o(.text.TIM2_IRQHandler) for TIM2_IRQHandler
    startup_hc32f005.o(.text) refers to entry.o(.ARM.Collect$$$$00000000) for __main
    main.o(.text.main) refers to iap.o(.text.IAP_UpdateCheck) for IAP_UpdateCheck
    main.o(.text.main) refers to iap.o(.text.IAP_Init) for IAP_Init
    main.o(.text.main) refers to iap.o(.text.IAP_Main) for IAP_Main
    main.o(.ARM.exidx.text.main) refers to main.o(.text.main) for [Anonymous Symbol]
    basic.o(.text.SystemClock_Init) refers to basic.o(.text.HC32_SetSystemClockToRCH24MHz) for HC32_SetSystemClockToRCH24MHz
    basic.o(.ARM.exidx.text.SystemClock_Init) refers to basic.o(.text.SystemClock_Init) for [Anonymous Symbol]
    basic.o(.ARM.exidx.text.HC32_SetSystemClockToRCH24MHz) refers to basic.o(.text.HC32_SetSystemClockToRCH24MHz) for [Anonymous Symbol]
    basic.o(.text.SystemClock_DeInit) refers to basic.o(.text.HC32_RestSystemClockToRCH4MHz) for HC32_RestSystemClockToRCH4MHz
    basic.o(.ARM.exidx.text.SystemClock_DeInit) refers to basic.o(.text.SystemClock_DeInit) for [Anonymous Symbol]
    basic.o(.ARM.exidx.text.HC32_RestSystemClockToRCH4MHz) refers to basic.o(.text.HC32_RestSystemClockToRCH4MHz) for [Anonymous Symbol]
    basic.o(.text.PreiModule_Init) refers to basic.o(.text.HC32_SetSystemClockToRCH24MHz) for HC32_SetSystemClockToRCH24MHz
    basic.o(.text.PreiModule_Init) refers to basic.o(.text.HC32_InitFlash) for HC32_InitFlash
    basic.o(.ARM.exidx.text.PreiModule_Init) refers to basic.o(.text.PreiModule_Init) for [Anonymous Symbol]
    basic.o(.text.HC32_InitFlash) refers to memcpya.o(.text) for __aeabi_memcpy
    basic.o(.ARM.exidx.text.HC32_InitFlash) refers to basic.o(.text.HC32_InitFlash) for [Anonymous Symbol]
    basic.o(.text.PreiModule_DeInit) refers to basic.o(.text.HC32_RestSystemClockToRCH4MHz) for HC32_RestSystemClockToRCH4MHz
    basic.o(.text.PreiModule_DeInit) refers to basic.o(.text.HC32_InitFlash) for HC32_InitFlash
    basic.o(.ARM.exidx.text.PreiModule_DeInit) refers to basic.o(.text.PreiModule_DeInit) for [Anonymous Symbol]
    basic.o(.ARM.exidx.text.Cal_CRC16) refers to basic.o(.text.Cal_CRC16) for [Anonymous Symbol]
    basic.o(.ARM.exidx.text.UART_SendData) refers to basic.o(.text.UART_SendData) for [Anonymous Symbol]
    basic.o(.ARM.exidx.text.Flash_EraseSector) refers to basic.o(.text.Flash_EraseSector) for [Anonymous Symbol]
    basic.o(.ARM.exidx.text.Flash_WriteBytes) refers to basic.o(.text.Flash_WriteBytes) for [Anonymous Symbol]
    basic.o(.ARM.exidx.text.Flash_ReadBytes) refers to basic.o(.text.Flash_ReadBytes) for [Anonymous Symbol]
    modem.o(.text.Modem_SendFrame) refers to basic.o(.text.Cal_CRC16) for Cal_CRC16
    modem.o(.text.Modem_SendFrame) refers to basic.o(.text.UART_SendData) for UART_SendData
    modem.o(.ARM.exidx.text.Modem_SendFrame) refers to modem.o(.text.Modem_SendFrame) for [Anonymous Symbol]
    modem.o(.text.Modem_Process) refers to basic.o(.text.Flash_EraseSector) for Flash_EraseSector
    modem.o(.text.Modem_Process) refers to modem.o(.text.Modem_SendFrame) for Modem_SendFrame
    modem.o(.text.Modem_Process) refers to basic.o(.text.Flash_WriteBytes) for Flash_WriteBytes
    modem.o(.text.Modem_Process) refers to basic.o(.text.Flash_ReadBytes) for Flash_ReadBytes
    modem.o(.text.Modem_Process) refers to basic.o(.text.Cal_CRC16) for Cal_CRC16
    modem.o(.text.Modem_Process) refers to modem.o(.bss..L_MergedGlobals) for [Anonymous Symbol]
    modem.o(.text.Modem_Process) refers to modem.o(.bss.u8FrameData) for u8FrameData
    modem.o(.ARM.exidx.text.Modem_Process) refers to modem.o(.text.Modem_Process) for [Anonymous Symbol]
    modem.o(.text.UART1_IRQHandler) refers to basic.o(.text.Cal_CRC16) for Cal_CRC16
    modem.o(.text.UART1_IRQHandler) refers to modem.o(.bss..L_MergedGlobals) for [Anonymous Symbol]
    modem.o(.text.UART1_IRQHandler) refers to modem.o(.bss.u8FrameData) for u8FrameData
    modem.o(.ARM.exidx.text.UART1_IRQHandler) refers to modem.o(.text.UART1_IRQHandler) for [Anonymous Symbol]
    modem.o(.text.TIM2_IRQHandler) refers to modem.o(.bss..L_MergedGlobals) for [Anonymous Symbol]
    modem.o(.ARM.exidx.text.TIM2_IRQHandler) refers to modem.o(.text.TIM2_IRQHandler) for [Anonymous Symbol]
    modem.o(.text.Modem_RamInit) refers to modem.o(.bss..L_MergedGlobals) for [Anonymous Symbol]
    modem.o(.text.Modem_RamInit) refers to modem.o(.bss.u8FrameData) for u8FrameData
    modem.o(.ARM.exidx.text.Modem_RamInit) refers to modem.o(.text.Modem_RamInit) for [Anonymous Symbol]
    iap.o(.text.IAP_Init) refers to basic.o(.text.PreiModule_Init) for PreiModule_Init
    iap.o(.text.IAP_Init) refers to modem.o(.text.Modem_RamInit) for Modem_RamInit
    iap.o(.ARM.exidx.text.IAP_Init) refers to iap.o(.text.IAP_Init) for [Anonymous Symbol]
    iap.o(.text.IAP_Main) refers to modem.o(.text.Modem_Process) for Modem_Process
    iap.o(.text.IAP_Main) refers to basic.o(.text.PreiModule_DeInit) for PreiModule_DeInit
    iap.o(.text.IAP_Main) refers to iap.o(.text.IAP_JumpToApp) for IAP_JumpToApp
    iap.o(.ARM.exidx.text.IAP_Main) refers to iap.o(.text.IAP_Main) for [Anonymous Symbol]
    iap.o(.text.IAP_JumpToApp) refers to iap.o(.bss..L_MergedGlobals) for [Anonymous Symbol]
    iap.o(.ARM.exidx.text.IAP_JumpToApp) refers to iap.o(.text.IAP_JumpToApp) for [Anonymous Symbol]
    iap.o(.text.IAP_UpdateCheck) refers to iap.o(.text.IAP_JumpToApp) for IAP_JumpToApp
    iap.o(.ARM.exidx.text.IAP_UpdateCheck) refers to iap.o(.text.IAP_UpdateCheck) for [Anonymous Symbol]
    entry.o(.ARM.Collect$$$$00000000) refers (Special) to entry10a.o(.ARM.Collect$$$$0000000D) for __rt_final_cpp
    entry.o(.ARM.Collect$$$$00000000) refers (Special) to entry11a.o(.ARM.Collect$$$$0000000F) for __rt_final_exit
    entry.o(.ARM.Collect$$$$00000000) refers (Special) to entry7b.o(.ARM.Collect$$$$00000008) for _main_clock
    entry.o(.ARM.Collect$$$$00000000) refers (Special) to entry8b.o(.ARM.Collect$$$$0000000A) for _main_cpp_init
    entry.o(.ARM.Collect$$$$00000000) refers (Special) to entry9a.o(.ARM.Collect$$$$0000000B) for _main_init
    entry.o(.ARM.Collect$$$$00000000) refers (Special) to entry5.o(.ARM.Collect$$$$00000004) for _main_scatterload
    entry.o(.ARM.Collect$$$$00000000) refers (Special) to entry2.o(.ARM.Collect$$$$00000001) for _main_stk
    entry2.o(.ARM.Collect$$$$00000001) refers to entry2.o(.ARM.Collect$$$$00002712) for __lit__00000000
    entry2.o(.ARM.Collect$$$$00002712) refers to startup_hc32f005.o(STACK) for __initial_sp
    entry2.o(__vectab_stack_and_reset_area) refers to startup_hc32f005.o(STACK) for __initial_sp
    entry2.o(__vectab_stack_and_reset_area) refers to entry.o(.ARM.Collect$$$$00000000) for __main
    entry5.o(.ARM.Collect$$$$00000004) refers to init.o(.text) for __scatterload
    entry9a.o(.ARM.Collect$$$$0000000B) refers to main.o(.text.main) for main
    entry9b.o(.ARM.Collect$$$$0000000C) refers to main.o(.text.main) for main
    init.o(.text) refers to entry5.o(.ARM.Collect$$$$00000004) for __main_after_scatterload


==============================================================================

Removing Unused input sections from the image.

    Removing startup_hc32f005.o(HEAP), (256 bytes).
    Removing main.o(.text), (0 bytes).
    Removing main.o(.ARM.exidx.text.main), (8 bytes).
    Removing main.o(.ARM.use_no_argv), (4 bytes).
    Removing basic.o(.text), (0 bytes).
    Removing basic.o(.text.SystemClock_Init), (8 bytes).
    Removing basic.o(.ARM.exidx.text.SystemClock_Init), (8 bytes).
    Removing basic.o(.ARM.exidx.text.HC32_SetSystemClockToRCH24MHz), (8 bytes).
    Removing basic.o(.text.SystemClock_DeInit), (8 bytes).
    Removing basic.o(.ARM.exidx.text.SystemClock_DeInit), (8 bytes).
    Removing basic.o(.ARM.exidx.text.HC32_RestSystemClockToRCH4MHz), (8 bytes).
    Removing basic.o(.ARM.exidx.text.PreiModule_Init), (8 bytes).
    Removing basic.o(.ARM.exidx.text.HC32_InitFlash), (8 bytes).
    Removing basic.o(.ARM.exidx.text.PreiModule_DeInit), (8 bytes).
    Removing basic.o(.ARM.exidx.text.Cal_CRC16), (8 bytes).
    Removing basic.o(.ARM.exidx.text.UART_SendData), (8 bytes).
    Removing basic.o(.ARM.exidx.text.Flash_EraseSector), (8 bytes).
    Removing basic.o(.ARM.exidx.text.Flash_WriteBytes), (8 bytes).
    Removing basic.o(.ARM.exidx.text.Flash_ReadBytes), (8 bytes).
    Removing modem.o(.text), (0 bytes).
    Removing modem.o(.ARM.exidx.text.Modem_SendFrame), (8 bytes).
    Removing modem.o(.ARM.exidx.text.Modem_Process), (8 bytes).
    Removing modem.o(.ARM.exidx.text.UART1_IRQHandler), (8 bytes).
    Removing modem.o(.ARM.exidx.text.TIM2_IRQHandler), (8 bytes).
    Removing modem.o(.ARM.exidx.text.Modem_RamInit), (8 bytes).
    Removing iap.o(.text), (0 bytes).
    Removing iap.o(.ARM.exidx.text.IAP_Init), (8 bytes).
    Removing iap.o(.ARM.exidx.text.IAP_Main), (8 bytes).
    Removing iap.o(.ARM.exidx.text.IAP_JumpToApp), (8 bytes).
    Removing iap.o(.ARM.exidx.text.IAP_UpdateCheck), (8 bytes).

30 unused section(s) (total 452 bytes) removed from the image.

==============================================================================

Image Symbol Table

    Local Symbols

    Symbol Name                              Value     Ov Type        Size  Object(Section)

    RESET                                    0x00000000   Section      192  startup_hc32f005.o(RESET)
    ../../app/iap.c                          0x00000000   Number         0  iap.o ABSOLUTE
    ../../app/modem.c                        0x00000000   Number         0  modem.o ABSOLUTE
    ../../driver/basic.c                     0x00000000   Number         0  basic.o ABSOLUTE
    ../clib/microlib/init/entry.s            0x00000000   Number         0  entry7a.o ABSOLUTE
    ../clib/microlib/init/entry.s            0x00000000   Number         0  entry9a.o ABSOLUTE
    ../clib/microlib/init/entry.s            0x00000000   Number         0  entry8a.o ABSOLUTE
    ../clib/microlib/init/entry.s            0x00000000   Number         0  entry7b.o ABSOLUTE
    ../clib/microlib/init/entry.s            0x00000000   Number         0  entry.o ABSOLUTE
    ../clib/microlib/init/entry.s            0x00000000   Number         0  entry11b.o ABSOLUTE
    ../clib/microlib/init/entry.s            0x00000000   Number         0  entry5.o ABSOLUTE
    ../clib/microlib/init/entry.s            0x00000000   Number         0  entry11a.o ABSOLUTE
    ../clib/microlib/init/entry.s            0x00000000   Number         0  entry10b.o ABSOLUTE
    ../clib/microlib/init/entry.s            0x00000000   Number         0  entry10a.o ABSOLUTE
    ../clib/microlib/init/entry.s            0x00000000   Number         0  entry9b.o ABSOLUTE
    ../clib/microlib/init/entry.s            0x00000000   Number         0  entry2.o ABSOLUTE
    ../clib/microlib/init/entry.s            0x00000000   Number         0  entry8b.o ABSOLUTE
    ../clib/microlib/string/memcpy.c         0x00000000   Number         0  memcpyb.o ABSOLUTE
    ../clib/microlib/string/memcpy.c         0x00000000   Number         0  memcpya.o ABSOLUTE
    ../source/main.c                         0x00000000   Number         0  main.o ABSOLUTE
    dc.s                                     0x00000000   Number         0  dc.o ABSOLUTE
    handlers.s                               0x00000000   Number         0  handlers.o ABSOLUTE
    init.s                                   0x00000000   Number         0  init.o ABSOLUTE
    startup_hc32f005.s                       0x00000000   Number         0  startup_hc32f005.o ABSOLUTE
    .ARM.Collect$$$$00000000                 0x000000c0   Section        0  entry.o(.ARM.Collect$$$$00000000)
    .ARM.Collect$$$$00000001                 0x000000c0   Section        4  entry2.o(.ARM.Collect$$$$00000001)
    .ARM.Collect$$$$00000004                 0x000000c4   Section        4  entry5.o(.ARM.Collect$$$$00000004)
    .ARM.Collect$$$$00000008                 0x000000c8   Section        0  entry7b.o(.ARM.Collect$$$$00000008)
    .ARM.Collect$$$$0000000A                 0x000000c8   Section        0  entry8b.o(.ARM.Collect$$$$0000000A)
    .ARM.Collect$$$$0000000B                 0x000000c8   Section        8  entry9a.o(.ARM.Collect$$$$0000000B)
    .ARM.Collect$$$$0000000D                 0x000000d0   Section        0  entry10a.o(.ARM.Collect$$$$0000000D)
    .ARM.Collect$$$$0000000F                 0x000000d0   Section        0  entry11a.o(.ARM.Collect$$$$0000000F)
    .ARM.Collect$$$$00002712                 0x000000d0   Section        4  entry2.o(.ARM.Collect$$$$00002712)
    __lit__00000000                          0x000000d0   Data           4  entry2.o(.ARM.Collect$$$$00002712)
    .text                                    0x000000d4   Section       52  startup_hc32f005.o(.text)
    .text                                    0x00000108   Section        0  memcpya.o(.text)
    .text                                    0x0000012c   Section       36  init.o(.text)
    [Anonymous Symbol]                       0x00000150   Section        0  basic.o(.text.Cal_CRC16)
    __arm_cp.7_0                             0x00000178   Number         4  basic.o(.text.Cal_CRC16)
    __arm_cp.7_1                             0x0000017c   Number         4  basic.o(.text.Cal_CRC16)
    __arm_cp.7_2                             0x00000180   Number         4  basic.o(.text.Cal_CRC16)
    [Anonymous Symbol]                       0x00000184   Section        0  basic.o(.text.Flash_EraseSector)
    __arm_cp.9_0                             0x00000218   Number         4  basic.o(.text.Flash_EraseSector)
    [Anonymous Symbol]                       0x0000021c   Section        0  basic.o(.text.Flash_ReadBytes)
    [Anonymous Symbol]                       0x00000230   Section        0  basic.o(.text.Flash_WriteBytes)
    __arm_cp.10_0                            0x000002b8   Number         4  basic.o(.text.Flash_WriteBytes)
    [Anonymous Symbol]                       0x000002bc   Section        0  basic.o(.text.HC32_InitFlash)
    HC32_InitFlash                           0x000002bd   Thumb Code   172  basic.o(.text.HC32_InitFlash)
    __arm_cp.5_2                             0x0000035c   Number         4  basic.o(.text.HC32_InitFlash)
    [Anonymous Symbol]                       0x00000360   Section        0  basic.o(.text.HC32_RestSystemClockToRCH4MHz)
    HC32_RestSystemClockToRCH4MHz            0x00000361   Thumb Code    84  basic.o(.text.HC32_RestSystemClockToRCH4MHz)
    __arm_cp.3_0                             0x0000039c   Number         4  basic.o(.text.HC32_RestSystemClockToRCH4MHz)
    __arm_cp.3_3                             0x000003a0   Number         4  basic.o(.text.HC32_RestSystemClockToRCH4MHz)
    __arm_cp.3_4                             0x000003a4   Number         4  basic.o(.text.HC32_RestSystemClockToRCH4MHz)
    __arm_cp.3_5                             0x000003a8   Number         4  basic.o(.text.HC32_RestSystemClockToRCH4MHz)
    [Anonymous Symbol]                       0x000003ac   Section        0  basic.o(.text.HC32_SetSystemClockToRCH24MHz)
    HC32_SetSystemClockToRCH24MHz            0x000003ad   Thumb Code    92  basic.o(.text.HC32_SetSystemClockToRCH24MHz)
    __arm_cp.1_0                             0x000003f8   Number         4  basic.o(.text.HC32_SetSystemClockToRCH24MHz)
    __arm_cp.1_1                             0x000003fc   Number         4  basic.o(.text.HC32_SetSystemClockToRCH24MHz)
    __arm_cp.1_2                             0x00000400   Number         4  basic.o(.text.HC32_SetSystemClockToRCH24MHz)
    __arm_cp.1_3                             0x00000404   Number         4  basic.o(.text.HC32_SetSystemClockToRCH24MHz)
    [Anonymous Symbol]                       0x00000408   Section        0  iap.o(.text.IAP_Init)
    [Anonymous Symbol]                       0x00000414   Section        0  iap.o(.text.IAP_JumpToApp)
    IAP_JumpToApp                            0x00000415   Thumb Code    44  iap.o(.text.IAP_JumpToApp)
    __arm_cp.2_0                             0x00000438   Number         4  iap.o(.text.IAP_JumpToApp)
    __arm_cp.2_1                             0x0000043c   Number         4  iap.o(.text.IAP_JumpToApp)
    [Anonymous Symbol]                       0x00000440   Section        0  iap.o(.text.IAP_Main)
    [Anonymous Symbol]                       0x00000454   Section        0  iap.o(.text.IAP_UpdateCheck)
    __arm_cp.3_0                             0x00000468   Number         4  iap.o(.text.IAP_UpdateCheck)
    [Anonymous Symbol]                       0x0000046c   Section        0  modem.o(.text.Modem_Process)
    __arm_cp.1_2                             0x0000061c   Number         4  modem.o(.text.Modem_Process)
    __arm_cp.1_3                             0x00000620   Number         4  modem.o(.text.Modem_Process)
    [Anonymous Symbol]                       0x00000624   Section        0  modem.o(.text.Modem_RamInit)
    __arm_cp.4_0                             0x00000640   Number         4  modem.o(.text.Modem_RamInit)
    __arm_cp.4_1                             0x00000644   Number         4  modem.o(.text.Modem_RamInit)
    __arm_cp.4_2                             0x00000648   Number         4  modem.o(.text.Modem_RamInit)
    [Anonymous Symbol]                       0x0000064c   Section        0  modem.o(.text.Modem_SendFrame)
    [Anonymous Symbol]                       0x00000674   Section        0  basic.o(.text.PreiModule_DeInit)
    __arm_cp.6_1                             0x000006f0   Number         4  basic.o(.text.PreiModule_DeInit)
    __arm_cp.6_3                             0x000006f4   Number         4  basic.o(.text.PreiModule_DeInit)
    __arm_cp.6_4                             0x000006f8   Number         4  basic.o(.text.PreiModule_DeInit)
    [Anonymous Symbol]                       0x000006fc   Section        0  basic.o(.text.PreiModule_Init)
    __arm_cp.4_0                             0x00000974   Number         4  basic.o(.text.PreiModule_Init)
    __arm_cp.4_1                             0x00000978   Number         4  basic.o(.text.PreiModule_Init)
    __arm_cp.4_2                             0x0000097c   Number         4  basic.o(.text.PreiModule_Init)
    __arm_cp.4_3                             0x00000980   Number         4  basic.o(.text.PreiModule_Init)
    __arm_cp.4_4                             0x00000984   Number         4  basic.o(.text.PreiModule_Init)
    __arm_cp.4_5                             0x00000988   Number         4  basic.o(.text.PreiModule_Init)
    __arm_cp.4_6                             0x0000098c   Number         4  basic.o(.text.PreiModule_Init)
    __arm_cp.4_7                             0x00000990   Number         4  basic.o(.text.PreiModule_Init)
    __arm_cp.4_8                             0x00000994   Number         4  basic.o(.text.PreiModule_Init)
    __arm_cp.4_9                             0x00000998   Number         4  basic.o(.text.PreiModule_Init)
    __arm_cp.4_10                            0x0000099c   Number         4  basic.o(.text.PreiModule_Init)
    __arm_cp.4_11                            0x000009a0   Number         4  basic.o(.text.PreiModule_Init)
    __arm_cp.4_12                            0x000009a4   Number         4  basic.o(.text.PreiModule_Init)
    [Anonymous Symbol]                       0x000009a8   Section        0  modem.o(.text.TIM2_IRQHandler)
    __arm_cp.3_0                             0x000009e8   Number         4  modem.o(.text.TIM2_IRQHandler)
    __arm_cp.3_1                             0x000009ec   Number         4  modem.o(.text.TIM2_IRQHandler)
    __arm_cp.3_2                             0x000009f0   Number         4  modem.o(.text.TIM2_IRQHandler)
    [Anonymous Symbol]                       0x000009f4   Section        0  modem.o(.text.UART1_IRQHandler)
    __arm_cp.2_1                             0x00000ac0   Number         4  modem.o(.text.UART1_IRQHandler)
    __arm_cp.2_2                             0x00000ac4   Number         4  modem.o(.text.UART1_IRQHandler)
    __arm_cp.2_3                             0x00000ac8   Number         4  modem.o(.text.UART1_IRQHandler)
    [Anonymous Symbol]                       0x00000acc   Section        0  basic.o(.text.UART_SendData)
    __arm_cp.8_0                             0x00000af8   Number         4  basic.o(.text.UART_SendData)
    __arm_cp.8_1                             0x00000afc   Number         4  basic.o(.text.UART_SendData)
    [Anonymous Symbol]                       0x00000b00   Section        0  main.o(.text.main)
    i.__scatterload_copy                     0x00000b12   Section       14  handlers.o(i.__scatterload_copy)
    i.__scatterload_null                     0x00000b20   Section        2  handlers.o(i.__scatterload_null)
    i.__scatterload_zeroinit                 0x00000b22   Section       14  handlers.o(i.__scatterload_zeroinit)
    [Anonymous Symbol]                       0x20000000   Section        0  modem.o(.bss..L_MergedGlobals)
    [Anonymous Symbol]                       0x20000010   Section        0  iap.o(.bss..L_MergedGlobals)
    STACK                                    0x20000230   Section      512  startup_hc32f005.o(STACK)

    Global Symbols

    Symbol Name                              Value     Ov Type        Size  Object(Section)

    BuildAttributes$$THM_ISAv3M$S$PE$A:L22$X:L11$S22$IEEE1$IW$~IW$USESV6$~STKCKD$USESV7$WCHAR32$ENUMINT$~SHL$OSPACE$EBA8$MICROLIB$REQ8$PRES8$EABIv2 0x00000000   Number         0  anon$$obj.o ABSOLUTE
    __Vectors                                0x00000000   Data           0  startup_hc32f005.o(RESET)
    __cpp_initialize__aeabi_                  - Undefined Weak Reference
    __cxa_finalize                            - Undefined Weak Reference
    __decompress                              - Undefined Weak Reference
    _clock_init                               - Undefined Weak Reference
    _microlib_exit                            - Undefined Weak Reference
    __Vectors_End                            0x000000c0   Data           0  startup_hc32f005.o(RESET)
    __Vectors_Size                           0x000000c0   Number         0  startup_hc32f005.o ABSOLUTE
    __main                                   0x000000c1   Thumb Code     0  entry.o(.ARM.Collect$$$$00000000)
    _main_stk                                0x000000c1   Thumb Code     0  entry2.o(.ARM.Collect$$$$00000001)
    _main_scatterload                        0x000000c5   Thumb Code     0  entry5.o(.ARM.Collect$$$$00000004)
    __main_after_scatterload                 0x000000c9   Thumb Code     0  entry5.o(.ARM.Collect$$$$00000004)
    _main_clock                              0x000000c9   Thumb Code     0  entry7b.o(.ARM.Collect$$$$00000008)
    _main_cpp_init                           0x000000c9   Thumb Code     0  entry8b.o(.ARM.Collect$$$$0000000A)
    _main_init                               0x000000c9   Thumb Code     0  entry9a.o(.ARM.Collect$$$$0000000B)
    __rt_final_cpp                           0x000000d1   Thumb Code     0  entry10a.o(.ARM.Collect$$$$0000000D)
    __rt_final_exit                          0x000000d1   Thumb Code     0  entry11a.o(.ARM.Collect$$$$0000000F)
    Reset_Handler                            0x000000d5   Thumb Code    22  startup_hc32f005.o(.text)
    NMI_Handler                              0x000000eb   Thumb Code     2  startup_hc32f005.o(.text)
    HardFault_Handler                        0x000000ed   Thumb Code     2  startup_hc32f005.o(.text)
    SVC_Handler                              0x000000ef   Thumb Code     2  startup_hc32f005.o(.text)
    PendSV_Handler                           0x000000f1   Thumb Code     2  startup_hc32f005.o(.text)
    SysTick_Handler                          0x000000f3   Thumb Code     2  startup_hc32f005.o(.text)
    ADC_IRQHandler                           0x000000f5   Thumb Code     0  startup_hc32f005.o(.text)
    CLKTRIM_IRQHandler                       0x000000f5   Thumb Code     0  startup_hc32f005.o(.text)
    Dummy_Handler                            0x000000f5   Thumb Code     0  startup_hc32f005.o(.text)
    FLASH_RAM_IRQHandler                     0x000000f5   Thumb Code     0  startup_hc32f005.o(.text)
    I2C_IRQHandler                           0x000000f5   Thumb Code     0  startup_hc32f005.o(.text)
    LPTIM_IRQHandler                         0x000000f5   Thumb Code     0  startup_hc32f005.o(.text)
    LPUART_IRQHandler                        0x000000f5   Thumb Code     0  startup_hc32f005.o(.text)
    LVD_IRQHandler                           0x000000f5   Thumb Code     0  startup_hc32f005.o(.text)
    PCA_IRQHandler                           0x000000f5   Thumb Code     0  startup_hc32f005.o(.text)
    PORT0_IRQHandler                         0x000000f5   Thumb Code     0  startup_hc32f005.o(.text)
    PORT1_IRQHandler                         0x000000f5   Thumb Code     0  startup_hc32f005.o(.text)
    PORT2_IRQHandler                         0x000000f5   Thumb Code     0  startup_hc32f005.o(.text)
    PORT3_IRQHandler                         0x000000f5   Thumb Code     0  startup_hc32f005.o(.text)
    RTC_IRQHandler                           0x000000f5   Thumb Code     0  startup_hc32f005.o(.text)
    SPI_IRQHandler                           0x000000f5   Thumb Code     0  startup_hc32f005.o(.text)
    TIM0_IRQHandler                          0x000000f5   Thumb Code     0  startup_hc32f005.o(.text)
    TIM1_IRQHandler                          0x000000f5   Thumb Code     0  startup_hc32f005.o(.text)
    TIM4_IRQHandler                          0x000000f5   Thumb Code     0  startup_hc32f005.o(.text)
    TIM5_IRQHandler                          0x000000f5   Thumb Code     0  startup_hc32f005.o(.text)
    TIM6_IRQHandler                          0x000000f5   Thumb Code     0  startup_hc32f005.o(.text)
    UART0_IRQHandler                         0x000000f5   Thumb Code     0  startup_hc32f005.o(.text)
    VC0_IRQHandler                           0x000000f5   Thumb Code     0  startup_hc32f005.o(.text)
    VC1_IRQHandler                           0x000000f5   Thumb Code     0  startup_hc32f005.o(.text)
    WDT_IRQHandler                           0x000000f5   Thumb Code     0  startup_hc32f005.o(.text)
    __aeabi_memcpy                           0x00000109   Thumb Code    36  memcpya.o(.text)
    __aeabi_memcpy4                          0x00000109   Thumb Code     0  memcpya.o(.text)
    __aeabi_memcpy8                          0x00000109   Thumb Code     0  memcpya.o(.text)
    __scatterload                            0x0000012d   Thumb Code    28  init.o(.text)
    __scatterload_rt2                        0x0000012d   Thumb Code     0  init.o(.text)
    Cal_CRC16                                0x00000151   Thumb Code    52  basic.o(.text.Cal_CRC16)
    Flash_EraseSector                        0x00000185   Thumb Code   164  basic.o(.text.Flash_EraseSector)
    Flash_ReadBytes                          0x0000021d   Thumb Code    18  basic.o(.text.Flash_ReadBytes)
    Flash_WriteBytes                         0x00000231   Thumb Code   148  basic.o(.text.Flash_WriteBytes)
    IAP_Init                                 0x00000409   Thumb Code    12  iap.o(.text.IAP_Init)
    IAP_Main                                 0x00000441   Thumb Code    20  iap.o(.text.IAP_Main)
    IAP_UpdateCheck                          0x00000455   Thumb Code    24  iap.o(.text.IAP_UpdateCheck)
    Modem_Process                            0x0000046d   Thumb Code   448  modem.o(.text.Modem_Process)
    Modem_RamInit                            0x00000625   Thumb Code    40  modem.o(.text.Modem_RamInit)
    Modem_SendFrame                          0x0000064d   Thumb Code    38  modem.o(.text.Modem_SendFrame)
    PreiModule_DeInit                        0x00000675   Thumb Code   144  basic.o(.text.PreiModule_DeInit)
    PreiModule_Init                          0x000006fd   Thumb Code   684  basic.o(.text.PreiModule_Init)
    TIM2_IRQHandler                          0x000009a9   Thumb Code    76  modem.o(.text.TIM2_IRQHandler)
    UART1_IRQHandler                         0x000009f5   Thumb Code   220  modem.o(.text.UART1_IRQHandler)
    UART_SendData                            0x00000acd   Thumb Code    52  basic.o(.text.UART_SendData)
    main                                     0x00000b01   Thumb Code    18  main.o(.text.main)
    __scatterload_copy                       0x00000b13   Thumb Code    14  handlers.o(i.__scatterload_copy)
    __scatterload_null                       0x00000b21   Thumb Code     2  handlers.o(i.__scatterload_null)
    __scatterload_zeroinit                   0x00000b23   Thumb Code    14  handlers.o(i.__scatterload_zeroinit)
    Region$$Table$$Base                      0x00000b30   Number         0  anon$$obj.o(Region$$Table)
    Region$$Table$$Limit                     0x00000b40   Number         0  anon$$obj.o(Region$$Table)
    enFrameRecvStatus                        0x20000000   Data           4  modem.o(.bss..L_MergedGlobals)
    u32FrameRecvOverTime                     0x20000004   Data           4  modem.o(.bss..L_MergedGlobals)
    u32FrameDataIndex                        0x20000008   Data           4  modem.o(.bss..L_MergedGlobals)
    u32FrameSize                             0x2000000c   Data           4  modem.o(.bss..L_MergedGlobals)
    JumpAddress                              0x20000010   Data           4  iap.o(.bss..L_MergedGlobals)
    JumpToApplication                        0x20000014   Data           4  iap.o(.bss..L_MergedGlobals)
    u8FrameData                              0x20000018   Data         530  modem.o(.bss.u8FrameData)
    __initial_sp                             0x20000430   Data           0  startup_hc32f005.o(STACK)



==============================================================================

Memory Map of the image

  Image Entry point : 0x000000c1

  Load Region LR_IROM1 (Base: 0x00000000, Size: 0x00000b40, Max: 0x00000e00, ABSOLUTE)

    Execution Region ER_IROM1 (Exec base: 0x00000000, Load base: 0x00000000, Size: 0x00000b40, Max: 0x00000e00, ABSOLUTE)

    Exec Addr    Load Addr    Size         Type   Attr      Idx    E Section Name        Object

    0x00000000   0x00000000   0x000000c0   Data   RO            3    RESET               startup_hc32f005.o
    0x000000c0   0x000000c0   0x00000000   Code   RO          102  * .ARM.Collect$$$$00000000  mc_p.l(entry.o)
    0x000000c0   0x000000c0   0x00000004   Code   RO          109    .ARM.Collect$$$$00000001  mc_p.l(entry2.o)
    0x000000c4   0x000000c4   0x00000004   Code   RO          112    .ARM.Collect$$$$00000004  mc_p.l(entry5.o)
    0x000000c8   0x000000c8   0x00000000   Code   RO          114    .ARM.Collect$$$$00000008  mc_p.l(entry7b.o)
    0x000000c8   0x000000c8   0x00000000   Code   RO          116    .ARM.Collect$$$$0000000A  mc_p.l(entry8b.o)
    0x000000c8   0x000000c8   0x00000008   Code   RO          117    .ARM.Collect$$$$0000000B  mc_p.l(entry9a.o)
    0x000000d0   0x000000d0   0x00000000   Code   RO          119    .ARM.Collect$$$$0000000D  mc_p.l(entry10a.o)
    0x000000d0   0x000000d0   0x00000000   Code   RO          121    .ARM.Collect$$$$0000000F  mc_p.l(entry11a.o)
    0x000000d0   0x000000d0   0x00000004   Code   RO          110    .ARM.Collect$$$$00002712  mc_p.l(entry2.o)
    0x000000d4   0x000000d4   0x00000034   Code   RO            4    .text               startup_hc32f005.o
    0x00000108   0x00000108   0x00000024   Code   RO          105    .text               mc_p.l(memcpya.o)
    0x0000012c   0x0000012c   0x00000024   Code   RO          123    .text               mc_p.l(init.o)
    0x00000150   0x00000150   0x00000034   Code   RO           39    .text.Cal_CRC16     basic.o
    0x00000184   0x00000184   0x00000098   Code   RO           43    .text.Flash_EraseSector  basic.o
    0x0000021c   0x0000021c   0x00000012   Code   RO           47    .text.Flash_ReadBytes  basic.o
    0x0000022e   0x0000022e   0x00000002   PAD
    0x00000230   0x00000230   0x0000008c   Code   RO           45    .text.Flash_WriteBytes  basic.o
    0x000002bc   0x000002bc   0x000000a4   Code   RO           35    .text.HC32_InitFlash  basic.o
    0x00000360   0x00000360   0x0000004c   Code   RO           31    .text.HC32_RestSystemClockToRCH4MHz  basic.o
    0x000003ac   0x000003ac   0x0000005c   Code   RO           27    .text.HC32_SetSystemClockToRCH24MHz  basic.o
    0x00000408   0x00000408   0x0000000c   Code   RO           83    .text.IAP_Init      iap.o
    0x00000414   0x00000414   0x0000002c   Code   RO           87    .text.IAP_JumpToApp  iap.o
    0x00000440   0x00000440   0x00000014   Code   RO           85    .text.IAP_Main      iap.o
    0x00000454   0x00000454   0x00000018   Code   RO           89    .text.IAP_UpdateCheck  iap.o
    0x0000046c   0x0000046c   0x000001b8   Code   RO           62    .text.Modem_Process  modem.o
    0x00000624   0x00000624   0x00000028   Code   RO           68    .text.Modem_RamInit  modem.o
    0x0000064c   0x0000064c   0x00000026   Code   RO           60    .text.Modem_SendFrame  modem.o
    0x00000672   0x00000672   0x00000002   PAD
    0x00000674   0x00000674   0x00000088   Code   RO           37    .text.PreiModule_DeInit  basic.o
    0x000006fc   0x000006fc   0x000002ac   Code   RO           33    .text.PreiModule_Init  basic.o
    0x000009a8   0x000009a8   0x0000004c   Code   RO           66    .text.TIM2_IRQHandler  modem.o
    0x000009f4   0x000009f4   0x000000d8   Code   RO           64    .text.UART1_IRQHandler  modem.o
    0x00000acc   0x00000acc   0x00000034   Code   RO           41    .text.UART_SendData  basic.o
    0x00000b00   0x00000b00   0x00000012   Code   RO           11    .text.main          main.o
    0x00000b12   0x00000b12   0x0000000e   Code   RO          127    i.__scatterload_copy  mc_p.l(handlers.o)
    0x00000b20   0x00000b20   0x00000002   Code   RO          128    i.__scatterload_null  mc_p.l(handlers.o)
    0x00000b22   0x00000b22   0x0000000e   Code   RO          129    i.__scatterload_zeroinit  mc_p.l(handlers.o)
    0x00000b30   0x00000b30   0x00000010   Data   RO          125    Region$$Table       anon$$obj.o


    Execution Region RW_IRAM1 (Exec base: 0x20000000, Load base: 0x00000b40, Size: 0x00000430, Max: 0x00001000, ABSOLUTE)

    Exec Addr    Load Addr    Size         Type   Attr      Idx    E Section Name        Object

    0x20000000        -       0x00000010   Zero   RW           71    .bss..L_MergedGlobals  modem.o
    0x20000010        -       0x00000008   Zero   RW           91    .bss..L_MergedGlobals  iap.o
    0x20000018        -       0x00000212   Zero   RW           70    .bss.u8FrameData    modem.o
    0x2000022a   0x00000b40   0x00000006   PAD
    0x20000230        -       0x00000200   Zero   RW            1    STACK               startup_hc32f005.o


==============================================================================

Image component sizes


      Code (inc. data)   RO Data    RW Data    ZI Data      Debug   Object Name

      1566        192          0          0          0      34567   basic.o
       100         12          0          0          8       2058   iap.o
        18          0          0          0          0        534   main.o
       810         52          0          0        546       7213   modem.o
        52         18        192          0        512        620   startup_hc32f005.o

    ----------------------------------------------------------------------
      2550        274        208          0       1072      44992   Object Totals
         0          0         16          0          0          0   (incl. Generated)
         4          0          0          0          6          0   (incl. Padding)

    ----------------------------------------------------------------------

      Code (inc. data)   RO Data    RW Data    ZI Data      Debug   Library Member Name

         0          0          0          0          0          0   entry.o
         0          0          0          0          0          0   entry10a.o
         0          0          0          0          0          0   entry11a.o
         8          4          0          0          0          0   entry2.o
         4          0          0          0          0          0   entry5.o
         0          0          0          0          0          0   entry7b.o
         0          0          0          0          0          0   entry8b.o
         8          4          0          0          0          0   entry9a.o
        30          0          0          0          0          0   handlers.o
        36          8          0          0          0         68   init.o
        36          0          0          0          0         60   memcpya.o

    ----------------------------------------------------------------------
       122         16          0          0          0        128   Library Totals
         0          0          0          0          0          0   (incl. Padding)

    ----------------------------------------------------------------------

      Code (inc. data)   RO Data    RW Data    ZI Data      Debug   Library Name

       122         16          0          0          0        128   mc_p.l

    ----------------------------------------------------------------------
       122         16          0          0          0        128   Library Totals

    ----------------------------------------------------------------------

==============================================================================


      Code (inc. data)   RO Data    RW Data    ZI Data      Debug   

      2672        290        208          0       1072      45224   Grand Totals
      2672        290        208          0       1072      45224   ELF Image Totals
      2672        290        208          0          0          0   ROM Totals

==============================================================================

    Total RO  Size (Code + RO Data)                 2880 (   2.81kB)
    Total RW  Size (RW Data + ZI Data)              1072 (   1.05kB)
    Total ROM Size (Code + RO Data + RW Data)       2880 (   2.81kB)

==============================================================================

